interactions:
  - request:
      body: null
      headers:
        Accept:
          - "*/*"
        Accept-Encoding:
          - gzip, deflate
        Connection:
          - keep-alive
        User-Agent:
          - python-requests/2.23.0
        authorization:
          - DUMMY
      method: GET
      uri: https://authorityspoke.com/api/v1/us/const/article/I/8/8
    response:
      body:
        string: ""
      headers:
        Content-Length:
          - "0"
        Content-Type:
          - text/html; charset=utf-8
        Date:
          - Mon, 09 Nov 2020 10:17:38 GMT
        Location:
          - /api/v1/us/const/article/I/8/8/
        Referrer-Policy:
          - same-origin
        Server:
          - WSGIServer/0.2 CPython/3.8.4
        X-Content-Type-Options:
          - nosniff
      status:
        code: 301
        message: Moved Permanently
  - request:
      body: null
      headers:
        Accept:
          - "*/*"
        Accept-Encoding:
          - gzip, deflate
        Connection:
          - keep-alive
        User-Agent:
          - python-requests/2.23.0
        authorization:
          - DUMMY
      method: GET
      uri: https://authorityspoke.com/api/v1/us/const/article/I/8/8/
    response:
      body:
        string:
          '{"heading":"Patents and copyrights.","start_date":"1788-09-13","node":"/us/const/article/I/8/8","text_version":{"id":735650,"url":"http://127.0.0.1:8000/api/v1/textversions/735650/","content":"To
          promote the Progress of Science and useful Arts, by securing for limited Times
          to Authors and Inventors the exclusive Right to their respective Writings
          and Discoveries;"},"url":"http://127.0.0.1:8000/api/v1/us/const/article/I/8/8/","end_date":null,"children":[],"citations":[],"parent":"http://127.0.0.1:8000/api/v1/us/const/article/I/8/"}'
      headers:
        Allow:
          - GET, POST, PUT, PATCH, HEAD, OPTIONS
        Content-Length:
          - "536"
        Content-Type:
          - application/json
        Date:
          - Mon, 09 Nov 2020 10:17:38 GMT
        Referrer-Policy:
          - same-origin
        Server:
          - WSGIServer/0.2 CPython/3.8.4
        Vary:
          - Accept, Cookie
        X-Content-Type-Options:
          - nosniff
        X-Frame-Options:
          - DENY
      status:
        code: 200
        message: OK
  - request:
      body: null
      headers:
        Accept:
          - "*/*"
        Accept-Encoding:
          - gzip, deflate
        Connection:
          - keep-alive
        User-Agent:
          - python-requests/2.23.0
        authorization:
          - DUMMY
      method: GET
      uri: https://authorityspoke.com/api/v1/us/const/article/I/8/8@1788-09-13
    response:
      body:
        string:
          '{"heading":"Patents and copyrights.","start_date":"1788-09-13","node":"/us/const/article/I/8/8","text_version":{"id":735650,"url":"http://127.0.0.1:8000/api/v1/textversions/735650/","content":"To
          promote the Progress of Science and useful Arts, by securing for limited Times
          to Authors and Inventors the exclusive Right to their respective Writings
          and Discoveries;"},"url":"http://127.0.0.1:8000/api/v1/us/const/article/I/8/8@1788-09-13","end_date":null,"children":[],"citations":[],"parent":"http://127.0.0.1:8000/api/v1/us/const/article/I/8@1788-09-13"}'
      headers:
        Allow:
          - GET, POST, PUT, PATCH, HEAD, OPTIONS
        Content-Length:
          - "556"
        Content-Type:
          - application/json
        Date:
          - Mon, 09 Nov 2020 10:17:38 GMT
        Referrer-Policy:
          - same-origin
        Server:
          - WSGIServer/0.2 CPython/3.8.4
        Vary:
          - Accept, Cookie
        X-Content-Type-Options:
          - nosniff
        X-Frame-Options:
          - DENY
      status:
        code: 200
        message: OK
version: 1
